ASxxxx Linker V03.00 + NoICE + sdld,  page 1.
Hexadecimal  [32-Bits]

Area                                    Addr        Size        Decimal Bytes (Attributes)
--------------------------------        ----        ----        ------- ----- ------------
.  .ABS.                            00000000    00000000 =           0. bytes (ABS,CON)

      Value  Global                              Global Defined In Module
      -----  --------------------------------   ------------------------
     00000000  .__.ABS.                           cpct_strings
     00000000  BGHALLOW_SP_OFF                    
     00000000  BGHALLOW_SP_PALETTE_OFF            
     00000000  BGHALLOW_SP_PALETTE_SIZE           
     00000000  BGINIT_SP_OFF                      
     00000000  BGINIT_SP_PALETTE_OFF              
     00000000  BGINIT_SP_PALETTE_SIZE             
     00000000  BGPRINCE_SP_OFF                    
     00000000  BGPRINCE_SP_PALETTE_OFF            
     00000000  BGPRINCE_SP_PALETTE_SIZE           
     00000000  MENUINIT_SP_OFF                    
     00000000  MENUINIT_SP_PALETTE_OFF            
     00000000  MENUINIT_SP_PALETTE_SIZE           
     00000000  WIN_SP_OFF                         
     00000000  WIN_SP_PALETTE_OFF                 
     00000000  WIN_SP_PALETTE_SIZE                
     00000000  l__CABS                         
     00000000  l__DABS                         
     00000000  l__DATA                         
     00000000  l__GSFINAL                      
     00000000  l__GSINIT                       
     00000000  l__HOME                         
     00000000  l__INITIALIZED                  
     00000000  l__INITIALIZER                  
     00000000  l___song_demo                   
     00000000  s__CABS                         
     00000000  s__DABS                         
     00000000  s___song_demo                   
     00000000  s___song_demo0                  
     0000000A  obstacle_size                      cpct_keyboard
     00000014  max_obstacles                      cpct_keyboard
     00000050  BGHALLOW_SP_W                      
     00000050  BGINIT_SP_W                        
     00000050  BGPRINCE_SP_W                      
     00000050  MENUINIT_SP_W                      
     00000050  WIN_SP_W                           
     000000C8  BGHALLOW_SP_H                      
     000000C8  BGINIT_SP_H                        
     000000C8  BGPRINCE_SP_H                      
     000000C8  MENUINIT_SP_H                      
     000000C8  WIN_SP_H                           
     000000C8  obstacle_array_size                cpct_keyboard
     00000196  l___song_demo0                  
     00000199  _win_z_size_z                      cpct_keyboard
     0000046E  _background_hallow_z_size_z        cpct_keyboard
     0000056D  _background_z_size_z               cpct_keyboard
     000006CA  _background_prince_z_size_z        cpct_keyboard
     00000828  _menu_z_size_z                     cpct_keyboard
     00001000  s__CODE                         
     00004000  BGHALLOW_SP_SIZE                   
ASxxxx Linker V03.00 + NoICE + sdld,  page 2.
Hexadecimal  [32-Bits]

Area                                    Addr        Size        Decimal Bytes (Attributes)
--------------------------------        ----        ----        ------- ----- ------------
.  .ABS.                            00000000    00000000 =           0. bytes (ABS,CON)

      Value  Global                              Global Defined In Module
      -----  --------------------------------   ------------------------
     00004000  BGINIT_SP_SIZE                     
     00004000  BGPRINCE_SP_SIZE                   
     00004000  MENUINIT_SP_SIZE                   
     00004000  WIN_SP_SIZE                        
     00004000  _background_hallow_z_size          cpct_keyboard
     00004000  _background_prince_z_size          cpct_keyboard
     00004000  _background_z_size                 cpct_keyboard
     00004000  _menu_z_size                       cpct_keyboard
     00004000  _win_z_size                        cpct_keyboard
     000063F0  l__CODE                         
     000073F0  s__DATA                         
     000073F0  s__GSFINAL                      
     000073F0  s__GSINIT                       
     000073F0  s__HOME                         
     000073F0  s__INITIALIZED                  
     000073F0  s__INITIALIZER                  
ASxxxx Linker V03.00 + NoICE + sdld,  page 3.
Hexadecimal  [32-Bits]

Area                                    Addr        Size        Decimal Bytes (Attributes)
--------------------------------        ----        ----        ------- ----- ------------
_CODE                               00001000    000063F0 =       25584. bytes (REL,CON)

      Value  Global                              Global Defined In Module
      -----  --------------------------------   ------------------------
     00001000  _salicornio_sp_0                   Salicornio
     00001080  _salicornio_sp_1                   Salicornio
     00001100  _bigfire_sp_0                      BigFire
     00001260  _bigfire_sp_1                      BigFire
     000013C0  _bigfire_sp_2                      BigFire
     00001520  _ghost_sp_0                        Ghost
     000015A0  _ghost_sp_1                        Ghost
     00001620  _wave_sp_0                         Wave
     000017A0  _wave_sp_1                         Wave
     00001920  _wave_sp_2                         Wave
     00001AA0  _wave_sp_3                         Wave
     00001BC0  _wave_sp_4                         Wave
     00001D40  _wave_sp_5                         Wave
     00001EC0  _wave_sp_6                         Wave
     00002040  _wave_sp_7                         Wave
     00002160  _fireball_sp_0                     FireBall
     000021C0  _fireball_sp_1                     FireBall
     00002220  _obstacle_sp_0                     Obstacle
     00002280  _obstacle_sp_1                     Obstacle
     000022E0  _hero_pal                          Hero
     000022F0  _hero_sp_00                        Hero
     00002370  _hero_sp_01                        Hero
     000023F0  _hero_sp_02                        Hero
     00002470  _hero_sp_03                        Hero
     000024F0  _hero_sp_04                        Hero
     00002570  _hero_sp_05                        Hero
     000025F0  _hero_sp_06                        Hero
     00002670  _hero_sp_07                        Hero
     000026F0  _hero_sp_08                        Hero
     00002770  _hero_sp_09                        Hero
     000027F0  _hero_sp_10                        Hero
     00002870  _hero_sp_11                        Hero
     000028F0  _win_z                             
     00002A88  _win_z_end                         
     00002A89  _background_prince_z               
     00003152  _background_prince_z_end           
     00003153  _background_hallow_z               
     000035C0  _background_hallow_z_end           
     000035C1  _menu_z                            
     00003DE8  _menu_z_end                        
     00003DE9  _background_z                      
     00004355  _background_z_end                  
     00004356  hero_update                        cpct_keyboard
     00004360  hero_init                          cpct_keyboard
     00004360  heroe                              cpct_keyboard
     0000436B  hero_getIXPtr                      cpct_keyboard
     00004370  hero_getIYPtr                      cpct_keyboard
     00004375  hero_restart                       cpct_keyboard
     0000438D  keyboard_inputs                    cpct_keyboard
     000043C8  _main                              cpct_keyboard
ASxxxx Linker V03.00 + NoICE + sdld,  page 4.
Hexadecimal  [32-Bits]

Area                                    Addr        Size        Decimal Bytes (Attributes)
--------------------------------        ----        ----        ------- ----- ------------
_CODE                               00001000    000063F0 =       25584. bytes (REL,CON)

      Value  Global                              Global Defined In Module
      -----  --------------------------------   ------------------------
     000043CB  init_game                          cpct_keyboard
     000043D4  _lvl_control                       cpct_keyboard
     0000440F  obstacle_array                     cpct_keyboard
     000044D8  last_obs_ptr                       cpct_keyboard
     000044DA  num_obstacles                      cpct_keyboard
     000044DB  num_obstacles_marcados             cpct_keyboard
     000044DC  position_update                    cpct_keyboard
     000044E6  obstacle_update                    cpct_keyboard
     000044FE  obstacle_ghost_update              cpct_keyboard
     00004560  obstacle                           cpct_keyboard
     00004560  obstacle_init                      cpct_keyboard
     0000456A  big_obstacle                       cpct_keyboard
     00004574  moving_obstacle                    cpct_keyboard
     0000457E  wave_obstacle                      cpct_keyboard
     00004589  obs_getObstacleArray_IX            cpct_keyboard
     0000458E  obs_getObstacleArray_IY            cpct_keyboard
     00004593  obs_getNumObstacles_A              cpct_keyboard
     00004597  obs_destroy                        cpct_keyboard
     00004605  obstacle_getIXPtr                  cpct_keyboard
     0000460A  obstacle_getIYPtr                  cpct_keyboard
     0000460F  get_lastObsPtr                     cpct_keyboard
     00004614  set_y_last_obstacle                cpct_keyboard
     0000461C  set_x_last_obstacle                cpct_keyboard
     00004624  set_y_wave                         cpct_keyboard
     0000462C  set_y_ghost                        cpct_keyboard
     00004634  set_y_bigobstacle                  cpct_keyboard
     0000463C  obs_doForAll                       cpct_keyboard
     00004654  obs_create                         cpct_keyboard
     0000466F  generar1entidad                    cpct_keyboard
     00004681  generar1entidadWave                cpct_keyboard
     00004693  generar1entidadGhost               cpct_keyboard
     000046A5  generar1entidadBig                 cpct_keyboard
     000046B7  obs_destroy_all                    cpct_keyboard
     0000470D  man_gameover_init                  cpct_keyboard
     00004725  man_gameover_run                   cpct_keyboard
     00004743  level                              cpct_keyboard
     00004744  level_obstacles                    cpct_keyboard
     00004745  man_game_init                      cpct_keyboard
     00004754  man_game_init_lvl                  cpct_keyboard
     00004852  man_game_restart                   cpct_keyboard
     00004861  man_game_reset_level               cpct_keyboard
     0000486D  man_game_check_level               cpct_keyboard
     0000495E  man_game_init_lvl_123              cpct_keyboard
     000049B2  man_game_init_lvl_456              cpct_keyboard
     00004A06  man_game_init_lvl_789              cpct_keyboard
     00004A5B  int_handler                        cpct_keyboard
     00004A77  set_int_handler                    cpct_keyboard
     00004A86  man_game_controller_lvl_1          
     00004AE9  man_game_controller_lvl_2          
     00004B85  man_game_controller_lvl_3          
     00004C0F  man_game_controller_lvl_4          
ASxxxx Linker V03.00 + NoICE + sdld,  page 5.
Hexadecimal  [32-Bits]

Area                                    Addr        Size        Decimal Bytes (Attributes)
--------------------------------        ----        ----        ------- ----- ------------
_CODE                               00001000    000063F0 =       25584. bytes (REL,CON)

      Value  Global                              Global Defined In Module
      -----  --------------------------------   ------------------------
     00004CC2  man_game_controller_lvl_5          
     00004D60  man_game_controller_lvl_6          
     00004E22  man_game_controller_lvl_7          
     00004EC8  man_game_controller_lvl_8          
     00004F7C  man_game_controller_lvl_9          
     00005028  man_game_controller_lvl_10         
     00005102  man_game_controller_lvl_11         
     0000519E  man_game_controller_lvl_12         
     00005224  man_game_controller_lvl_13         
     000052F0  man_game_controller_lvl_14         
     000053B0  man_game_controller_lvl_15         
     0000547C  man_game_controller_lvl_16         
     00005551  man_game_controller_lvl_17         
     00005607  man_game_controller_lvl_18         
     000056C7  man_game_controller_lvl_19         
     0000578D  man_game_controller_lvl_20         
     00005856  man_game_controller_lvl_21         
     000058CC  man_game_controller_lvl_22         
     00005970  man_game_controller_lvl_23         
     00005A0E  man_game_controller_lvl_24         
     00005AD4  man_game_controller_lvl_25         
     00005B94  man_game_controller_lvl_26         
     00005C75  man_game_controller_lvl_27         
     00005D49  man_game_controller_lvl_28         
     00005E29  man_game_controller_lvl_29         
     00005EEB  man_game_controller_lvl_30         
     00005FCC  man_menu_init                      cpct_keyboard
     00005FDD  man_menu_run                       cpct_keyboard
     0000600C  man_nextlevel_init                 cpct_keyboard
     00006024  man_nextlevel_run                  cpct_keyboard
     00006042  _tiempo_de_control                 cpct_keyboard
     00006043  _unidad_segundos                   cpct_keyboard
     00006044  _decena_segundos                   cpct_keyboard
     00006045  _juego_pausado                     cpct_keyboard
     00006046  _level_seconds                     cpct_keyboard
     00006047  animation_seconds                  cpct_keyboard
     0000604C  timer_control                      cpct_keyboard
     0000605D  timer_menos1s                      cpct_keyboard
     0000607E  timer_menos1d                      cpct_keyboard
     00006092  timer_clear                        cpct_keyboard
     000060A2  timer_value                        cpct_keyboard
     000060BF  timer_render                       cpct_keyboard
     000060D8  man_win_init                       cpct_keyboard
     000060DC  man_win_run                        cpct_keyboard
     0000611E  sys_physics_jump_control           cpct_keyboard
     0000614C  sys_physics_end_of_jump            cpct_keyboard
     0000615A  sys_physics_startJump              cpct_keyboard
     0000616F  sys_physics_estoy_arriba           cpct_keyboard
     00006178  sys_physics_move_hero_right        cpct_keyboard
     00006184  sys_physics_move_hero_left         cpct_keyboard
     00006190  sys_physics_fall_control           cpct_keyboard
ASxxxx Linker V03.00 + NoICE + sdld,  page 6.
Hexadecimal  [32-Bits]

Area                                    Addr        Size        Decimal Bytes (Attributes)
--------------------------------        ----        ----        ------- ----- ------------
_CODE                               00001000    000063F0 =       25584. bytes (REL,CON)

      Value  Global                              Global Defined In Module
      -----  --------------------------------   ------------------------
     000061BE  sys_physics_startFall              cpct_keyboard
     000061D3  sys_physics_end_of_fall            cpct_keyboard
     000061E1  sys_physics_estoy_abajo            cpct_keyboard
     000061EA  sys_collision_check                cpct_keyboard
     0000632F  sys_render_init                    cpct_keyboard
     00006344  sys_render_update_hero             cpct_keyboard
     00006374  sys_render_clear_hero              cpct_keyboard
     0000637E  sys_render_update_obstacle         cpct_keyboard
     00006543  sys_render_clear_obstacle          cpct_keyboard
     00006578  sys_render_draw                    cpct_keyboard
     000065C4  sys_render_clear_screen            cpct_keyboard
     000065DD  sys_render_update_bginit123        cpct_keyboard
     000065E7  sys_render_update_bginit456        cpct_keyboard
     000065F1  sys_render_update_bginit789        cpct_keyboard
     000065FB  sys_render_update_menu             cpct_keyboard
     00006605  sys_render_update_win              cpct_keyboard
     0000660F  sys_render_clear_killed            cpct_keyboard
     00006610  sys_render_draw_stlvl1             cpct_keyboard
     00006628  sys_render_draw_stlvl2             cpct_keyboard
     00006640  sys_render_draw_stlvl3             cpct_keyboard
     00006658  sys_render_draw_stlvl4             cpct_keyboard
     00006670  sys_render_draw_stlvl5             cpct_keyboard
     00006688  sys_render_draw_stlvl6             cpct_keyboard
     000066A0  sys_render_draw_stlvl7             cpct_keyboard
     000066B8  sys_render_draw_stlvl8             cpct_keyboard
     000066D0  sys_render_draw_stlvl9             cpct_keyboard
     000066E8  sys_render_draw_stlvl10            cpct_keyboard
     00006700  sys_render_draw_stlvl11            cpct_keyboard
     00006718  sys_render_draw_stlvl12            cpct_keyboard
     00006730  sys_render_draw_stlvl13            cpct_keyboard
     00006748  sys_render_draw_stlvl14            cpct_keyboard
     00006760  sys_render_draw_stlvl15            cpct_keyboard
     00006778  sys_render_draw_stlvl16            cpct_keyboard
     00006790  sys_render_draw_stlvl17            cpct_keyboard
     000067A8  sys_render_draw_stlvl18            cpct_keyboard
     000067C0  sys_render_draw_stlvl19            cpct_keyboard
     000067D8  sys_render_draw_stlvl20            cpct_keyboard
     000067F0  sys_render_draw_stlvl21            cpct_keyboard
     00006808  sys_render_draw_stlvl22            cpct_keyboard
     00006820  sys_render_draw_stlvl23            cpct_keyboard
     00006838  sys_render_draw_stlvl24            cpct_keyboard
     00006850  sys_render_draw_stlvl25            cpct_keyboard
     00006868  sys_render_draw_stlvl26            cpct_keyboard
     00006880  sys_render_draw_stlvl27            cpct_keyboard
     00006898  sys_render_draw_stlvl28            cpct_keyboard
     000068B0  sys_render_draw_stlvl29            cpct_keyboard
     000068C8  sys_render_draw_stlvl30            cpct_keyboard
     000068E0  _cpct_isKeyPressed                 cpct_keyboard
     000068E0  cpct_isKeyPressed_asm              cpct_keyboard
     000068EC  cpct_setPalette_asm                cpct_video
     000068FF  cpct_setPALColour_asm              cpct_video
ASxxxx Linker V03.00 + NoICE + sdld,  page 7.
Hexadecimal  [32-Bits]

Area                                    Addr        Size        Decimal Bytes (Attributes)
--------------------------------        ----        ----        ------- ----- ------------
_CODE                               00001000    000063F0 =       25584. bytes (REL,CON)

      Value  Global                              Global Defined In Module
      -----  --------------------------------   ------------------------
     00006909  cpct_drawStringM0_asm              cpct_strings
     0000692F  cpct_drawCharM0_inner_asm          cpct_strings
     0000698F  dc_2pxtableM0                      cpct_strings
     00006993  cpct_drawSprite_asm                cpct_sprites
     00006A33  _cpct_keyboardStatusBuffer         cpct_keyboard
     00006A3D  _cpct_waitVSYNC                    cpct_video
     00006A3D  cpct_waitVSYNC_asm                 cpct_video
     00006A45  cpct_setVideoMode_asm              cpct_video
     00006A52  cpct_zx7b_decrunch_s_asm           cpct_compression
     00006A92  _cpct_akp_digidrumStatus           cpct_audio
     00006A93  _cpct_akp_songLoopTimes            cpct_audio
     00006A94  _cpct_akp_musicPlay                cpct_audio
     00006A94  cpct_akp_musicPlay_asm             cpct_audio
     00007197  _cpct_akp_musicInit                cpct_audio
     0000719E  cpct_akp_musicInit_asm             cpct_audio
     000071F7  _cpct_akp_stop                     cpct_audio
     000071F7  cpct_akp_stop_asm                  cpct_audio
     0000720A  _cpct_akp_SFXGetInstrument         cpct_audio
     0000720F  cpct_akp_SFXGetInstrument_asm      cpct_audio
     00007223  _cpct_akp_SFXInit                  cpct_audio
     0000722A  cpct_akp_SFXInit_asm               cpct_audio
     00007231  _cpct_akp_SFXStopAll               cpct_audio
     00007231  cpct_akp_SFXStopAll_asm            cpct_audio
     0000723E  _cpct_akp_SFXPlay                  cpct_audio
     00007250  cpct_akp_SFXPlay_asm               cpct_audio
     0000729D  _cpct_akp_SFXStop                  cpct_audio
     000072A2  cpct_akp_SFXStop_asm               cpct_audio
     000072BB  _cpct_disableFirmware              cpct_firmware
     000072BB  _cpct_removeInterruptHandler       cpct_firmware
     000072BB  cpct_disableFirmware_asm           cpct_firmware
     000072BB  cpct_removeInterruptHandler_asm    cpct_firmware
     000072CB  cpct_drawSolidBox_asm              cpct_sprites
     0000736F  _cpct_mode_rom_status              cpct_firmware
     00007370  cpct_setDrawCharM0_asm             cpct_strings
     00007393  cpct_getScreenPtr_asm              cpct_video
     000073AF  _cpct_scanKeyboard                 cpct_keyboard
     000073AF  cpct_scanKeyboard_asm              cpct_keyboard
     000073E0  dc_mode0_ct                        cpct_strings

ASxxxx Linker V03.00 + NoICE + sdld,  page 8.
Hexadecimal  [32-Bits]

Area                                    Addr        Size        Decimal Bytes (Attributes)
--------------------------------        ----        ----        ------- ----- ------------
__song_demo0                        00000000    00000196 =         406. bytes (ABS,CON)

      Value  Global                              Global Defined In Module
      -----  --------------------------------   ------------------------
     00000040  _song_demo                         

ASxxxx Linker V03.00 + NoICE + sdld,  page 9.

Files Linked                              [ module(s) ]

obj/sprites/Salicornio.rel                [ Salicornio ]
obj/sprites/BigFire.rel                   [ BigFire ]
obj/sprites/Ghost.rel                     [ Ghost ]
obj/sprites/Wave.rel                      [ Wave ]
obj/sprites/FireBall.rel                  [ FireBall ]
obj/sprites/Obstacle.rel                  [ Obstacle ]
obj/sprites/Hero.rel                      [ Hero ]
obj/sprites/win_z.rel                     [  ]
obj/sprites/background_prince_z.rel       [  ]
obj/sprites/background_hallow_z.rel       [  ]
obj/sprites/menu_z.rel                    [  ]
obj/sprites/background_z.rel              [  ]
obj/music.rel                             [  ]
obj/sprites/Win.h.rel                     [  ]
obj/sprites/MenuInit.h.rel                [  ]
obj/sprites/BgPrince.h.rel                [  ]
obj/sprites/BgHallow.h.rel                [  ]
obj/sprites/BgInit.h.rel                  [  ]
obj/cpctelera_functions.h.rel             [  ]
obj/hero.h.rel                            [  ]
obj/hero.rel                              [ cpct_keyboard ]
obj/main.rel                              [ cpct_keyboard ]
obj/obstacles.h.rel                       [  ]
obj/obstacles.rel                         [ cpct_keyboard ]
obj/man/game.h.rel                        [  ]
obj/man/gameover.h.rel                    [  ]
obj/man/gameover.rel                      [ cpct_keyboard ]
obj/man/game.rel                          [ cpct_keyboard ]
obj/man/interrup.h.rel                    [ Interrup_System ]
obj/man/interrup.rel                      [ cpct_keyboard ]
obj/man/levels1_10.rel                    [  ]
obj/man/levels11_20.rel                   [  ]
obj/man/levels21_30.rel                   [  ]
obj/man/menu.h.rel                        [  ]
obj/man/menu.rel                          [ cpct_keyboard ]
obj/man/nextlevel.h.rel                   [  ]
obj/man/nextlevel.rel                     [ cpct_keyboard ]
obj/man/timer.h.rel                       [ Timer_System ]
obj/man/timer.rel                         [ cpct_keyboard ]
obj/man/win.h.rel                         [  ]
obj/man/win.rel                           [ cpct_keyboard ]
obj/sys/physics.h.rel                     [  ]
obj/sys/physics.rel                       [ cpct_keyboard ]
obj/sys/render.h.rel                      [  ]
obj/sys/render.rel                        [ cpct_keyboard ]


Libraries Linked                          [ object file ]

/home/jess/Escritorio/cpctelera/cpctelera/cpctelera.lib
                                          [ cpct_isKeyPressed.rel ]
/home/jess/Escritorio/cpctelera/cpctelera/cpctelera.lib
                                          [ cpct_setPalette_asmbindings.rel ]
/home/jess/Escritorio/cpctelera/cpctelera/cpctelera.lib
                                          [ cpct_setPALColour_asmbindings.re ]
/home/jess/Escritorio/cpctelera/cpctelera/cpctelera.lib
                                          [ cpct_drawStringM0_asmbindings.re ]
/home/jess/Escritorio/cpctelera/cpctelera/cpctelera.lib
                                          [ cpct_drawCharM0_inner.rel ]
/home/jess/Escritorio/cpctelera/cpctelera/cpctelera.lib
                                          [ cpct_drawSprite_asmbindings.rel ]
/home/jess/Escritorio/cpctelera/cpctelera/cpctelera.lib
                                          [ keyboard.rel ]
/home/jess/Escritorio/cpctelera/cpctelera/cpctelera.lib
                                          [ cpct_waitVSYNC.rel ]
/home/jess/Escritorio/cpctelera/cpctelera/cpctelera.lib
                                          [ cpct_setVideoMode_asmbindings.re ]
/home/jess/Escritorio/cpctelera/cpctelera/cpctelera.lib
                                          [ cpct_zx7b_decrunch_s_asmbindings ]
/home/jess/Escritorio/cpctelera/cpctelera/cpctelera.lib
                                          [ arkostracker.rel ]
/home/jess/Escritorio/cpctelera/cpctelera/cpctelera.lib
                                          [ cpct_removeInterruptHandler.rel ]
/home/jess/Escritorio/cpctelera/cpctelera/cpctelera.lib
                                          [ cpct_drawSolidBox_asmbindings.re ]
/home/jess/Escritorio/cpctelera/cpctelera/cpctelera.lib
                                          [ cpc_mode_rom_status.rel ]
/home/jess/Escritorio/cpctelera/cpctelera/cpctelera.lib
                                          [ cpct_setDrawCharM0_asmbindings.r ]
/home/jess/Escritorio/cpctelera/cpctelera/cpctelera.lib
                                          [ cpct_getScreenPtr_asmbindings.re ]
/home/jess/Escritorio/cpctelera/cpctelera/cpctelera.lib
                                          [ cpct_scanKeyboard.rel ]
/home/jess/Escritorio/cpctelera/cpctelera/cpctelera.lib
                                          [ cpct_dc_mode0_ct.rel ]

ASxxxx Linker V03.00 + NoICE + sdld,  page 10.

User Base Address Definitions

_CODE = 0x1000
_DATA = 0x0000

