ASxxxx Linker V03.00 + NoICE + sdld,  page 1.
Hexadecimal  [32-Bits]

Area                                    Addr        Size        Decimal Bytes (Attributes)
--------------------------------        ----        ----        ------- ----- ------------
.  .ABS.                            00000000    00000000 =           0. bytes (ABS,CON)

      Value  Global                              Global Defined In Module
      -----  --------------------------------   ------------------------
     00000000  .__.ABS.                           cpct_strings
     00000000  BGHALLOW_SP_OFF                    
     00000000  BGHALLOW_SP_PALETTE_OFF            
     00000000  BGHALLOW_SP_PALETTE_SIZE           
     00000000  BGINIT_SP_OFF                      
     00000000  BGINIT_SP_PALETTE_OFF              
     00000000  BGINIT_SP_PALETTE_SIZE             
     00000000  BGPRINCE_SP_OFF                    
     00000000  BGPRINCE_SP_PALETTE_OFF            
     00000000  BGPRINCE_SP_PALETTE_SIZE           
     00000000  MENUINIT_SP_OFF                    
     00000000  MENUINIT_SP_PALETTE_OFF            
     00000000  MENUINIT_SP_PALETTE_SIZE           
     00000000  WIN_SP_OFF                         
     00000000  WIN_SP_PALETTE_OFF                 
     00000000  WIN_SP_PALETTE_SIZE                
     00000000  l__CABS                         
     00000000  l__DABS                         
     00000000  l__DATA                         
     00000000  l__GSFINAL                      
     00000000  l__GSINIT                       
     00000000  l__HOME                         
     00000000  l__INITIALIZED                  
     00000000  l__INITIALIZER                  
     00000000  l___song_demo                   
     00000000  s__CABS                         
     00000000  s__DABS                         
     00000000  s___song_demo                   
     00000000  s___song_demo0                  
     0000000A  obstacle_size                      cpct_keyboard
     00000014  max_obstacles                      cpct_keyboard
     00000050  BGHALLOW_SP_W                      
     00000050  BGINIT_SP_W                        
     00000050  BGPRINCE_SP_W                      
     00000050  MENUINIT_SP_W                      
     00000050  WIN_SP_W                           
     000000C8  BGHALLOW_SP_H                      
     000000C8  BGINIT_SP_H                        
     000000C8  BGPRINCE_SP_H                      
     000000C8  MENUINIT_SP_H                      
     000000C8  WIN_SP_H                           
     000000C8  obstacle_array_size                cpct_keyboard
     00000196  l___song_demo0                  
     000001B6  _win_z_size_z                      cpct_keyboard
     0000046E  _background_hallow_z_size_z        cpct_keyboard
     0000056D  _background_z_size_z               cpct_keyboard
     000006CA  _background_prince_z_size_z        cpct_keyboard
     00000833  _menu_z_size_z                     cpct_keyboard
     00001000  s__CODE                         
     00004000  BGHALLOW_SP_SIZE                   
ASxxxx Linker V03.00 + NoICE + sdld,  page 2.
Hexadecimal  [32-Bits]

Area                                    Addr        Size        Decimal Bytes (Attributes)
--------------------------------        ----        ----        ------- ----- ------------
.  .ABS.                            00000000    00000000 =           0. bytes (ABS,CON)

      Value  Global                              Global Defined In Module
      -----  --------------------------------   ------------------------
     00004000  BGINIT_SP_SIZE                     
     00004000  BGPRINCE_SP_SIZE                   
     00004000  MENUINIT_SP_SIZE                   
     00004000  WIN_SP_SIZE                        
     00004000  _background_hallow_z_size          cpct_keyboard
     00004000  _background_prince_z_size          cpct_keyboard
     00004000  _background_z_size                 cpct_keyboard
     00004000  _menu_z_size                       cpct_keyboard
     00004000  _win_z_size                        cpct_keyboard
     00006418  l__CODE                         
     00007418  s__DATA                         
     00007418  s__GSFINAL                      
     00007418  s__GSINIT                       
     00007418  s__HOME                         
     00007418  s__INITIALIZED                  
     00007418  s__INITIALIZER                  
ASxxxx Linker V03.00 + NoICE + sdld,  page 3.
Hexadecimal  [32-Bits]

Area                                    Addr        Size        Decimal Bytes (Attributes)
--------------------------------        ----        ----        ------- ----- ------------
_CODE                               00001000    00006418 =       25624. bytes (REL,CON)

      Value  Global                              Global Defined In Module
      -----  --------------------------------   ------------------------
     00001000  _salicornio_sp_0                   Salicornio
     00001080  _salicornio_sp_1                   Salicornio
     00001100  _bigfire_sp_0                      BigFire
     00001260  _bigfire_sp_1                      BigFire
     000013C0  _bigfire_sp_2                      BigFire
     00001520  _ghost_sp_0                        Ghost
     000015A0  _ghost_sp_1                        Ghost
     00001620  _wave_sp_0                         Wave
     000017A0  _wave_sp_1                         Wave
     00001920  _wave_sp_2                         Wave
     00001AA0  _wave_sp_3                         Wave
     00001BC0  _wave_sp_4                         Wave
     00001D40  _wave_sp_5                         Wave
     00001EC0  _wave_sp_6                         Wave
     00002040  _wave_sp_7                         Wave
     00002160  _fireball_sp_0                     FireBall
     000021C0  _fireball_sp_1                     FireBall
     00002220  _obstacle_sp_0                     Obstacle
     00002280  _obstacle_sp_1                     Obstacle
     000022E0  _hero_pal                          Hero
     000022F0  _hero_sp_00                        Hero
     00002370  _hero_sp_01                        Hero
     000023F0  _hero_sp_02                        Hero
     00002470  _hero_sp_03                        Hero
     000024F0  _hero_sp_04                        Hero
     00002570  _hero_sp_05                        Hero
     000025F0  _hero_sp_06                        Hero
     00002670  _hero_sp_07                        Hero
     000026F0  _hero_sp_08                        Hero
     00002770  _hero_sp_09                        Hero
     000027F0  _hero_sp_10                        Hero
     00002870  _hero_sp_11                        Hero
     000028F0  _win_z                             
     00002AA5  _win_z_end                         
     00002AA6  _background_prince_z               
     0000316F  _background_prince_z_end           
     00003170  _background_hallow_z               
     000035DD  _background_hallow_z_end           
     000035DE  _menu_z                            
     00003E10  _menu_z_end                        
     00003E11  _background_z                      
     0000437D  _background_z_end                  
     0000437E  hero_update                        cpct_keyboard
     00004388  hero_init                          cpct_keyboard
     00004388  heroe                              cpct_keyboard
     00004393  hero_getIXPtr                      cpct_keyboard
     00004398  hero_getIYPtr                      cpct_keyboard
     0000439D  hero_restart                       cpct_keyboard
     000043B5  keyboard_inputs                    cpct_keyboard
     000043F0  _main                              cpct_keyboard
ASxxxx Linker V03.00 + NoICE + sdld,  page 4.
Hexadecimal  [32-Bits]

Area                                    Addr        Size        Decimal Bytes (Attributes)
--------------------------------        ----        ----        ------- ----- ------------
_CODE                               00001000    00006418 =       25624. bytes (REL,CON)

      Value  Global                              Global Defined In Module
      -----  --------------------------------   ------------------------
     000043F3  init_game                          cpct_keyboard
     000043FC  _lvl_control                       cpct_keyboard
     00004437  obstacle_array                     cpct_keyboard
     00004500  last_obs_ptr                       cpct_keyboard
     00004502  num_obstacles                      cpct_keyboard
     00004503  num_obstacles_marcados             cpct_keyboard
     00004504  position_update                    cpct_keyboard
     0000450E  obstacle_update                    cpct_keyboard
     00004526  obstacle_ghost_update              cpct_keyboard
     00004588  obstacle                           cpct_keyboard
     00004588  obstacle_init                      cpct_keyboard
     00004592  big_obstacle                       cpct_keyboard
     0000459C  moving_obstacle                    cpct_keyboard
     000045A6  wave_obstacle                      cpct_keyboard
     000045B1  obs_getObstacleArray_IX            cpct_keyboard
     000045B6  obs_getObstacleArray_IY            cpct_keyboard
     000045BB  obs_getNumObstacles_A              cpct_keyboard
     000045BF  obs_destroy                        cpct_keyboard
     0000462D  obstacle_getIXPtr                  cpct_keyboard
     00004632  obstacle_getIYPtr                  cpct_keyboard
     00004637  get_lastObsPtr                     cpct_keyboard
     0000463C  set_y_last_obstacle                cpct_keyboard
     00004644  set_x_last_obstacle                cpct_keyboard
     0000464C  set_y_wave                         cpct_keyboard
     00004654  set_y_ghost                        cpct_keyboard
     0000465C  set_y_bigobstacle                  cpct_keyboard
     00004664  obs_doForAll                       cpct_keyboard
     0000467C  obs_create                         cpct_keyboard
     00004697  generar1entidad                    cpct_keyboard
     000046A9  generar1entidadWave                cpct_keyboard
     000046BB  generar1entidadGhost               cpct_keyboard
     000046CD  generar1entidadBig                 cpct_keyboard
     000046DF  obs_destroy_all                    cpct_keyboard
     00004735  man_gameover_init                  cpct_keyboard
     0000474D  man_gameover_run                   cpct_keyboard
     0000476B  level                              cpct_keyboard
     0000476C  level_obstacles                    cpct_keyboard
     0000476D  man_game_init                      cpct_keyboard
     0000477C  man_game_init_lvl                  cpct_keyboard
     0000487A  man_game_restart                   cpct_keyboard
     00004889  man_game_reset_level               cpct_keyboard
     00004895  man_game_check_level               cpct_keyboard
     00004986  man_game_init_lvl_123              cpct_keyboard
     000049DA  man_game_init_lvl_456              cpct_keyboard
     00004A2E  man_game_init_lvl_789              cpct_keyboard
     00004A83  int_handler                        cpct_keyboard
     00004A9F  set_int_handler                    cpct_keyboard
     00004AAE  man_game_controller_lvl_1          
     00004B11  man_game_controller_lvl_2          
     00004BAD  man_game_controller_lvl_3          
     00004C37  man_game_controller_lvl_4          
ASxxxx Linker V03.00 + NoICE + sdld,  page 5.
Hexadecimal  [32-Bits]

Area                                    Addr        Size        Decimal Bytes (Attributes)
--------------------------------        ----        ----        ------- ----- ------------
_CODE                               00001000    00006418 =       25624. bytes (REL,CON)

      Value  Global                              Global Defined In Module
      -----  --------------------------------   ------------------------
     00004CEA  man_game_controller_lvl_5          
     00004D88  man_game_controller_lvl_6          
     00004E4A  man_game_controller_lvl_7          
     00004EF0  man_game_controller_lvl_8          
     00004FA4  man_game_controller_lvl_9          
     00005050  man_game_controller_lvl_10         
     0000512A  man_game_controller_lvl_11         
     000051C6  man_game_controller_lvl_12         
     0000524C  man_game_controller_lvl_13         
     00005318  man_game_controller_lvl_14         
     000053D8  man_game_controller_lvl_15         
     000054A4  man_game_controller_lvl_16         
     00005579  man_game_controller_lvl_17         
     0000562F  man_game_controller_lvl_18         
     000056EF  man_game_controller_lvl_19         
     000057B5  man_game_controller_lvl_20         
     0000587E  man_game_controller_lvl_21         
     000058F4  man_game_controller_lvl_22         
     00005998  man_game_controller_lvl_23         
     00005A36  man_game_controller_lvl_24         
     00005AFC  man_game_controller_lvl_25         
     00005BBC  man_game_controller_lvl_26         
     00005C9D  man_game_controller_lvl_27         
     00005D71  man_game_controller_lvl_28         
     00005E51  man_game_controller_lvl_29         
     00005F13  man_game_controller_lvl_30         
     00005FF4  man_menu_init                      cpct_keyboard
     00006005  man_menu_run                       cpct_keyboard
     00006034  man_nextlevel_init                 cpct_keyboard
     0000604C  man_nextlevel_run                  cpct_keyboard
     0000606A  _tiempo_de_control                 cpct_keyboard
     0000606B  _unidad_segundos                   cpct_keyboard
     0000606C  _decena_segundos                   cpct_keyboard
     0000606D  _juego_pausado                     cpct_keyboard
     0000606E  _level_seconds                     cpct_keyboard
     0000606F  animation_seconds                  cpct_keyboard
     00006074  timer_control                      cpct_keyboard
     00006085  timer_menos1s                      cpct_keyboard
     000060A6  timer_menos1d                      cpct_keyboard
     000060BA  timer_clear                        cpct_keyboard
     000060CA  timer_value                        cpct_keyboard
     000060E7  timer_render                       cpct_keyboard
     00006100  man_win_init                       cpct_keyboard
     00006104  man_win_run                        cpct_keyboard
     00006146  sys_physics_jump_control           cpct_keyboard
     00006174  sys_physics_end_of_jump            cpct_keyboard
     00006182  sys_physics_startJump              cpct_keyboard
     00006197  sys_physics_estoy_arriba           cpct_keyboard
     000061A0  sys_physics_move_hero_right        cpct_keyboard
     000061AC  sys_physics_move_hero_left         cpct_keyboard
     000061B8  sys_physics_fall_control           cpct_keyboard
ASxxxx Linker V03.00 + NoICE + sdld,  page 6.
Hexadecimal  [32-Bits]

Area                                    Addr        Size        Decimal Bytes (Attributes)
--------------------------------        ----        ----        ------- ----- ------------
_CODE                               00001000    00006418 =       25624. bytes (REL,CON)

      Value  Global                              Global Defined In Module
      -----  --------------------------------   ------------------------
     000061E6  sys_physics_startFall              cpct_keyboard
     000061FB  sys_physics_end_of_fall            cpct_keyboard
     00006209  sys_physics_estoy_abajo            cpct_keyboard
     00006212  sys_collision_check                cpct_keyboard
     00006357  sys_render_init                    cpct_keyboard
     0000636C  sys_render_update_hero             cpct_keyboard
     0000639C  sys_render_clear_hero              cpct_keyboard
     000063A6  sys_render_update_obstacle         cpct_keyboard
     0000656B  sys_render_clear_obstacle          cpct_keyboard
     000065A0  sys_render_draw                    cpct_keyboard
     000065EC  sys_render_clear_screen            cpct_keyboard
     00006605  sys_render_update_bginit123        cpct_keyboard
     0000660F  sys_render_update_bginit456        cpct_keyboard
     00006619  sys_render_update_bginit789        cpct_keyboard
     00006623  sys_render_update_menu             cpct_keyboard
     0000662D  sys_render_update_win              cpct_keyboard
     00006637  sys_render_clear_killed            cpct_keyboard
     00006638  sys_render_draw_stlvl1             cpct_keyboard
     00006650  sys_render_draw_stlvl2             cpct_keyboard
     00006668  sys_render_draw_stlvl3             cpct_keyboard
     00006680  sys_render_draw_stlvl4             cpct_keyboard
     00006698  sys_render_draw_stlvl5             cpct_keyboard
     000066B0  sys_render_draw_stlvl6             cpct_keyboard
     000066C8  sys_render_draw_stlvl7             cpct_keyboard
     000066E0  sys_render_draw_stlvl8             cpct_keyboard
     000066F8  sys_render_draw_stlvl9             cpct_keyboard
     00006710  sys_render_draw_stlvl10            cpct_keyboard
     00006728  sys_render_draw_stlvl11            cpct_keyboard
     00006740  sys_render_draw_stlvl12            cpct_keyboard
     00006758  sys_render_draw_stlvl13            cpct_keyboard
     00006770  sys_render_draw_stlvl14            cpct_keyboard
     00006788  sys_render_draw_stlvl15            cpct_keyboard
     000067A0  sys_render_draw_stlvl16            cpct_keyboard
     000067B8  sys_render_draw_stlvl17            cpct_keyboard
     000067D0  sys_render_draw_stlvl18            cpct_keyboard
     000067E8  sys_render_draw_stlvl19            cpct_keyboard
     00006800  sys_render_draw_stlvl20            cpct_keyboard
     00006818  sys_render_draw_stlvl21            cpct_keyboard
     00006830  sys_render_draw_stlvl22            cpct_keyboard
     00006848  sys_render_draw_stlvl23            cpct_keyboard
     00006860  sys_render_draw_stlvl24            cpct_keyboard
     00006878  sys_render_draw_stlvl25            cpct_keyboard
     00006890  sys_render_draw_stlvl26            cpct_keyboard
     000068A8  sys_render_draw_stlvl27            cpct_keyboard
     000068C0  sys_render_draw_stlvl28            cpct_keyboard
     000068D8  sys_render_draw_stlvl29            cpct_keyboard
     000068F0  sys_render_draw_stlvl30            cpct_keyboard
     00006908  _cpct_isKeyPressed                 cpct_keyboard
     00006908  cpct_isKeyPressed_asm              cpct_keyboard
     00006914  cpct_setPalette_asm                cpct_video
     00006927  cpct_setPALColour_asm              cpct_video
ASxxxx Linker V03.00 + NoICE + sdld,  page 7.
Hexadecimal  [32-Bits]

Area                                    Addr        Size        Decimal Bytes (Attributes)
--------------------------------        ----        ----        ------- ----- ------------
_CODE                               00001000    00006418 =       25624. bytes (REL,CON)

      Value  Global                              Global Defined In Module
      -----  --------------------------------   ------------------------
     00006931  cpct_drawStringM0_asm              cpct_strings
     00006957  cpct_drawCharM0_inner_asm          cpct_strings
     000069B7  dc_2pxtableM0                      cpct_strings
     000069BB  cpct_drawSprite_asm                cpct_sprites
     00006A5B  _cpct_keyboardStatusBuffer         cpct_keyboard
     00006A65  _cpct_waitVSYNC                    cpct_video
     00006A65  cpct_waitVSYNC_asm                 cpct_video
     00006A6D  cpct_setVideoMode_asm              cpct_video
     00006A7A  cpct_zx7b_decrunch_s_asm           cpct_compression
     00006ABA  _cpct_akp_digidrumStatus           cpct_audio
     00006ABB  _cpct_akp_songLoopTimes            cpct_audio
     00006ABC  _cpct_akp_musicPlay                cpct_audio
     00006ABC  cpct_akp_musicPlay_asm             cpct_audio
     000071BF  _cpct_akp_musicInit                cpct_audio
     000071C6  cpct_akp_musicInit_asm             cpct_audio
     0000721F  _cpct_akp_stop                     cpct_audio
     0000721F  cpct_akp_stop_asm                  cpct_audio
     00007232  _cpct_akp_SFXGetInstrument         cpct_audio
     00007237  cpct_akp_SFXGetInstrument_asm      cpct_audio
     0000724B  _cpct_akp_SFXInit                  cpct_audio
     00007252  cpct_akp_SFXInit_asm               cpct_audio
     00007259  _cpct_akp_SFXStopAll               cpct_audio
     00007259  cpct_akp_SFXStopAll_asm            cpct_audio
     00007266  _cpct_akp_SFXPlay                  cpct_audio
     00007278  cpct_akp_SFXPlay_asm               cpct_audio
     000072C5  _cpct_akp_SFXStop                  cpct_audio
     000072CA  cpct_akp_SFXStop_asm               cpct_audio
     000072E3  _cpct_disableFirmware              cpct_firmware
     000072E3  _cpct_removeInterruptHandler       cpct_firmware
     000072E3  cpct_disableFirmware_asm           cpct_firmware
     000072E3  cpct_removeInterruptHandler_asm    cpct_firmware
     000072F3  cpct_drawSolidBox_asm              cpct_sprites
     00007397  _cpct_mode_rom_status              cpct_firmware
     00007398  cpct_setDrawCharM0_asm             cpct_strings
     000073BB  cpct_getScreenPtr_asm              cpct_video
     000073D7  _cpct_scanKeyboard                 cpct_keyboard
     000073D7  cpct_scanKeyboard_asm              cpct_keyboard
     00007408  dc_mode0_ct                        cpct_strings

ASxxxx Linker V03.00 + NoICE + sdld,  page 8.
Hexadecimal  [32-Bits]

Area                                    Addr        Size        Decimal Bytes (Attributes)
--------------------------------        ----        ----        ------- ----- ------------
__song_demo0                        00000000    00000196 =         406. bytes (ABS,CON)

      Value  Global                              Global Defined In Module
      -----  --------------------------------   ------------------------
     00000040  _song_demo                         

ASxxxx Linker V03.00 + NoICE + sdld,  page 9.

Files Linked                              [ module(s) ]

obj/sprites/Salicornio.rel                [ Salicornio ]
obj/sprites/BigFire.rel                   [ BigFire ]
obj/sprites/Ghost.rel                     [ Ghost ]
obj/sprites/Wave.rel                      [ Wave ]
obj/sprites/FireBall.rel                  [ FireBall ]
obj/sprites/Obstacle.rel                  [ Obstacle ]
obj/sprites/Hero.rel                      [ Hero ]
obj/sprites/win_z.rel                     [  ]
obj/sprites/background_prince_z.rel       [  ]
obj/sprites/background_hallow_z.rel       [  ]
obj/sprites/menu_z.rel                    [  ]
obj/sprites/background_z.rel              [  ]
obj/music.rel                             [  ]
obj/sprites/Win.h.rel                     [  ]
obj/sprites/MenuInit.h.rel                [  ]
obj/sprites/BgPrince.h.rel                [  ]
obj/sprites/BgHallow.h.rel                [  ]
obj/sprites/BgInit.h.rel                  [  ]
obj/cpctelera_functions.h.rel             [  ]
obj/hero.h.rel                            [  ]
obj/hero.rel                              [ cpct_keyboard ]
obj/main.rel                              [ cpct_keyboard ]
obj/obstacles.h.rel                       [  ]
obj/obstacles.rel                         [ cpct_keyboard ]
obj/man/game.h.rel                        [  ]
obj/man/gameover.h.rel                    [  ]
obj/man/gameover.rel                      [ cpct_keyboard ]
obj/man/game.rel                          [ cpct_keyboard ]
obj/man/interrup.h.rel                    [ Interrup_System ]
obj/man/interrup.rel                      [ cpct_keyboard ]
obj/man/levels1_10.rel                    [  ]
obj/man/levels11_20.rel                   [  ]
obj/man/levels21_30.rel                   [  ]
obj/man/menu.h.rel                        [  ]
obj/man/menu.rel                          [ cpct_keyboard ]
obj/man/nextlevel.h.rel                   [  ]
obj/man/nextlevel.rel                     [ cpct_keyboard ]
obj/man/timer.h.rel                       [ Timer_System ]
obj/man/timer.rel                         [ cpct_keyboard ]
obj/man/win.h.rel                         [  ]
obj/man/win.rel                           [ cpct_keyboard ]
obj/sprites/background_hallow_z.h.rel     [  ]
obj/sprites/background_prince_z.h.rel     [  ]
obj/sprites/background_z.h.rel            [  ]
obj/sprites/menu_z.h.rel                  [  ]
obj/sprites/win_z.h.rel                   [  ]
obj/sys/physics.h.rel                     [  ]
obj/sys/physics.rel                       [ cpct_keyboard ]
obj/sys/render.h.rel                      [  ]
obj/sys/render.rel                        [ cpct_keyboard ]


Libraries Linked                          [ object file ]

/home/jess/Escritorio/cpctelera/cpctelera/cpctelera.lib
                                          [ cpct_isKeyPressed.rel ]
/home/jess/Escritorio/cpctelera/cpctelera/cpctelera.lib
                                          [ cpct_setPalette_asmbindings.rel ]
/home/jess/Escritorio/cpctelera/cpctelera/cpctelera.lib
                                          [ cpct_setPALColour_asmbindings.re ]
/home/jess/Escritorio/cpctelera/cpctelera/cpctelera.lib
                                          [ cpct_drawStringM0_asmbindings.re ]
/home/jess/Escritorio/cpctelera/cpctelera/cpctelera.lib
                                          [ cpct_drawCharM0_inner.rel ]
/home/jess/Escritorio/cpctelera/cpctelera/cpctelera.lib
                                          [ cpct_drawSprite_asmbindings.rel ]
/home/jess/Escritorio/cpctelera/cpctelera/cpctelera.lib
                                          [ keyboard.rel ]
/home/jess/Escritorio/cpctelera/cpctelera/cpctelera.lib
                                          [ cpct_waitVSYNC.rel ]
/home/jess/Escritorio/cpctelera/cpctelera/cpctelera.lib
                                          [ cpct_setVideoMode_asmbindings.re ]
/home/jess/Escritorio/cpctelera/cpctelera/cpctelera.lib
                                          [ cpct_zx7b_decrunch_s_asmbindings ]
/home/jess/Escritorio/cpctelera/cpctelera/cpctelera.lib
                                          [ arkostracker.rel ]
/home/jess/Escritorio/cpctelera/cpctelera/cpctelera.lib
                                          [ cpct_removeInterruptHandler.rel ]
/home/jess/Escritorio/cpctelera/cpctelera/cpctelera.lib
                                          [ cpct_drawSolidBox_asmbindings.re ]
/home/jess/Escritorio/cpctelera/cpctelera/cpctelera.lib
                                          [ cpc_mode_rom_status.rel ]
/home/jess/Escritorio/cpctelera/cpctelera/cpctelera.lib
                                          [ cpct_setDrawCharM0_asmbindings.r ]
/home/jess/Escritorio/cpctelera/cpctelera/cpctelera.lib
                                          [ cpct_getScreenPtr_asmbindings.re ]
/home/jess/Escritorio/cpctelera/cpctelera/cpctelera.lib
                                          [ cpct_scanKeyboard.rel ]
/home/jess/Escritorio/cpctelera/cpctelera/cpctelera.lib
                                          [ cpct_dc_mode0_ct.rel ]

ASxxxx Linker V03.00 + NoICE + sdld,  page 10.

User Base Address Definitions

_CODE = 0x1000
_DATA = 0x0000

